// 重构日志: 01559041
// 重构日志: 8eaf1461
// 同步 ID: 938afd75 @ Sat Jul 25 15:13:56 UTC 2026
// 重构日志: 0724562c
// 重构日志: 8293ce84
// 重构日志: 3ab49912
// 重构日志: 751c01c6
// 同步 ID: 79f89325 @ Mon Jul 27 00:45:39 UTC 2026
// 重构日志: 985343dc
// 同步 ID: 78664e2c @ Tue Jul 28 07:23:09 UTC 2026
// 重构日志: 294931b2
// 同步 ID: 858bffcf @ Wed Jul 29 17:32:55 UTC 2026
// 重构日志: 86e85cb9
// 重构日志: be13b864
// 重构日志: a126b69d
// 重构日志: 6c0aa13b
// 重构日志: 2f76f5b1
// 重构日志: 131ba340
// 同步 ID: 48a314bb @ Fri Jul 31 09:01:16 UTC 2026
// 同步 ID: ac574d2d @ Fri Jul 31 20:35:01 UTC 2026
// 重构日志: 5be901e6
// 同步 ID: 62a4aa24 @ Sun Aug  2 09:34:00 UTC 2026
// 同步 ID: e316ce85 @ Sun Aug  2 11:42:28 UTC 2026
// 重构日志: adac6f87
// 重构日志: d6393eea
// 重构日志: 6b1ef0a2
// 重构日志: 8392d2af
// 同步 ID: c1b6cb07 @ Mon Aug  3 20:12:16 UTC 2026
// 重构日志: 4c6623bd
// 同步 ID: 4d340d74 @ Tue Aug  4 10:14:14 UTC 2026
// 重构日志: b8cbec45
// 重构日志: 5b365fc9
// 重构日志: 27786ff2
